
############################################################################
### baseline: baseline settings
############################################################################
[baseline] 6.85M params on cuda (float32); 2 epochs x 384 steps of 32x128 tokens
[baseline] epoch 1 step 96/768 tokens 0.4M  val loss 7.2452  ppl 1,401.4  lr 9.87e-04
[baseline] epoch 1 step 192/768 tokens 0.8M  val loss 6.7528  ppl 856.4  lr 9.06e-04
[baseline] epoch 1 step 288/768 tokens 1.2M  val loss 6.5445  ppl 695.4  lr 7.65e-04
[baseline] epoch 1 step 384/768 tokens 1.6M  val loss 6.4203  ppl 614.2  lr 5.89e-04
[baseline] == epoch 1/2: avg train loss 7.1057 (ppl 1,218.9), val loss 6.4203 (ppl 614.2), 84s
[baseline] epoch 2 step 480/768 tokens 2.0M  val loss 6.3497  ppl 572.3  lr 4.05e-04
[baseline] epoch 2 step 576/768 tokens 2.4M  val loss 6.3054  ppl 547.5  lr 2.47e-04
[baseline] epoch 2 step 672/768 tokens 2.8M  val loss 6.2727  ppl 529.9  lr 1.39e-04
[baseline] epoch 2 step 768/768 tokens 3.1M  val loss 6.2494  ppl 517.7  lr 1.00e-04
[baseline] == epoch 2/2: avg train loss 6.1673 (ppl 476.9), val loss 6.2494 (ppl 517.7), 84s
[baseline] done: full-val loss 6.2417, perplexity 513.72 on 524,288 tokens

############################################################################
### lr_5e-4: {'lr': 0.0005}
############################################################################
[lr_5e-4] 6.85M params on cuda (float32); 2 epochs x 384 steps of 32x128 tokens
[lr_5e-4] epoch 1 step 96/768 tokens 0.4M  val loss 7.4948  ppl 1,798.7  lr 4.93e-04
[lr_5e-4] epoch 1 step 192/768 tokens 0.8M  val loss 7.0403  ppl 1,141.7  lr 4.53e-04
[lr_5e-4] epoch 1 step 288/768 tokens 1.2M  val loss 6.7850  ppl 884.5  lr 3.83e-04
[lr_5e-4] epoch 1 step 384/768 tokens 1.6M  val loss 6.6482  ppl 771.4  lr 2.94e-04
[lr_5e-4] == epoch 1/2: avg train loss 7.4395 (ppl 1,701.9), val loss 6.6482 (ppl 771.4), 84s
[lr_5e-4] epoch 2 step 480/768 tokens 2.0M  val loss 6.5804  ppl 720.8  lr 2.03e-04
[lr_5e-4] epoch 2 step 576/768 tokens 2.4M  val loss 6.5366  ppl 689.9  lr 1.23e-04
[lr_5e-4] epoch 2 step 672/768 tokens 2.8M  val loss 6.5114  ppl 672.8  lr 6.93e-05
[lr_5e-4] epoch 2 step 768/768 tokens 3.1M  val loss 6.4925  ppl 660.2  lr 5.00e-05
[lr_5e-4] == epoch 2/2: avg train loss 6.4353 (ppl 623.5), val loss 6.4925 (ppl 660.2), 84s
[lr_5e-4] done: full-val loss 6.4834, perplexity 654.20 on 524,288 tokens

############################################################################
### lr_3e-3: {'lr': 0.003}
############################################################################
[lr_3e-3] 6.85M params on cuda (float32); 2 epochs x 384 steps of 32x128 tokens
[lr_3e-3] epoch 1 step 96/768 tokens 0.4M  val loss 7.2382  ppl 1,391.6  lr 2.96e-03
[lr_3e-3] epoch 1 step 192/768 tokens 0.8M  val loss 6.8058  ppl 903.1  lr 2.72e-03
[lr_3e-3] epoch 1 step 288/768 tokens 1.2M  val loss 6.6259  ppl 754.4  lr 2.30e-03
[lr_3e-3] epoch 1 step 384/768 tokens 1.6M  val loss 6.4972  ppl 663.3  lr 1.77e-03
[lr_3e-3] == epoch 1/2: avg train loss 7.0481 (ppl 1,150.6), val loss 6.4972 (ppl 663.3), 84s
[lr_3e-3] epoch 2 step 480/768 tokens 2.0M  val loss 6.4098  ppl 607.8  lr 1.22e-03
[lr_3e-3] epoch 2 step 576/768 tokens 2.4M  val loss 6.3375  ppl 565.4  lr 7.40e-04
[lr_3e-3] epoch 2 step 672/768 tokens 2.8M  val loss 6.2873  ppl 537.7  lr 4.16e-04
[lr_3e-3] epoch 2 step 768/768 tokens 3.1M  val loss 6.2503  ppl 518.2  lr 3.00e-04
[lr_3e-3] == epoch 2/2: avg train loss 6.2276 (ppl 506.5), val loss 6.2503 (ppl 518.2), 84s
[lr_3e-3] done: full-val loss 6.2472, perplexity 516.57 on 524,288 tokens

############################################################################
### batch_16: {'batch_size': 16}
############################################################################
[batch_16] 6.85M params on cuda (float32); 2 epochs x 768 steps of 16x128 tokens
[batch_16] epoch 1 step 192/1,536 tokens 0.4M  val loss 6.9895  ppl 1,085.2  lr 9.86e-04
[batch_16] epoch 1 step 384/1,536 tokens 0.8M  val loss 6.6258  ppl 754.3  lr 9.05e-04
[batch_16] epoch 1 step 576/1,536 tokens 1.2M  val loss 6.4651  ppl 642.3  lr 7.65e-04
[batch_16] epoch 1 step 768/1,536 tokens 1.6M  val loss 6.3482  ppl 571.5  lr 5.88e-04
[batch_16] == epoch 1/2: avg train loss 6.9083 (ppl 1,000.6), val loss 6.3482 (ppl 571.5), 84s
[batch_16] epoch 2 step 960/1,536 tokens 2.0M  val loss 6.2904  ppl 539.3  lr 4.05e-04
[batch_16] epoch 2 step 1,152/1,536 tokens 2.4M  val loss 6.2332  ppl 509.4  lr 2.46e-04
[batch_16] epoch 2 step 1,344/1,536 tokens 2.8M  val loss 6.1987  ppl 492.1  lr 1.38e-04
[batch_16] epoch 2 step 1,536/1,536 tokens 3.1M  val loss 6.1778  ppl 481.9  lr 1.00e-04
[batch_16] == epoch 2/2: avg train loss 6.1066 (ppl 448.8), val loss 6.1778 (ppl 481.9), 85s
[batch_16] done: full-val loss 6.1764, perplexity 481.24 on 524,288 tokens

############################################################################
### batch_64: {'batch_size': 64}
############################################################################
[batch_64] 6.85M params on cuda (float32); 2 epochs x 192 steps of 64x128 tokens
[batch_64] epoch 1 step 48/384 tokens 0.4M  val loss 7.5392  ppl 1,880.2  lr 9.87e-04
[batch_64] epoch 1 step 96/384 tokens 0.8M  val loss 7.1220  ppl 1,238.9  lr 9.07e-04
[batch_64] epoch 1 step 144/384 tokens 1.2M  val loss 6.8299  ppl 925.1  lr 7.67e-04
[batch_64] epoch 1 step 192/384 tokens 1.6M  val loss 6.6581  ppl 779.1  lr 5.91e-04
[batch_64] == epoch 1/2: avg train loss 7.4909 (ppl 1,791.6), val loss 6.6581 (ppl 779.1), 83s
[batch_64] epoch 2 step 240/384 tokens 2.0M  val loss 6.5659  ppl 710.5  lr 4.07e-04
[batch_64] epoch 2 step 288/384 tokens 2.4M  val loss 6.5111  ppl 672.5  lr 2.48e-04
[batch_64] epoch 2 step 336/384 tokens 2.8M  val loss 6.4814  ppl 652.9  lr 1.39e-04
[batch_64] epoch 2 step 384/384 tokens 3.1M  val loss 6.4597  ppl 638.8  lr 1.00e-04
[batch_64] == epoch 2/2: avg train loss 6.4221 (ppl 615.3), val loss 6.4597 (ppl 638.8), 83s
[batch_64] done: full-val loss 6.4525, perplexity 634.31 on 524,288 tokens

############################################################################
### layers_1: {'n_layer': 1}
############################################################################
[layers_1] 6.65M params on cuda (float32); 2 epochs x 384 steps of 32x128 tokens
[layers_1] epoch 1 step 96/768 tokens 0.4M  val loss 7.3693  ppl 1,586.6  lr 9.87e-04
[layers_1] epoch 1 step 192/768 tokens 0.8M  val loss 6.8654  ppl 958.5  lr 9.06e-04
[layers_1] epoch 1 step 288/768 tokens 1.2M  val loss 6.6113  ppl 743.5  lr 7.65e-04
[layers_1] epoch 1 step 384/768 tokens 1.6M  val loss 6.4730  ppl 647.4  lr 5.89e-04
[layers_1] == epoch 1/2: avg train loss 7.1998 (ppl 1,339.1), val loss 6.4730 (ppl 647.4), 81s
[layers_1] epoch 2 step 480/768 tokens 2.0M  val loss 6.4036  ppl 604.0  lr 4.05e-04
[layers_1] epoch 2 step 576/768 tokens 2.4M  val loss 6.3631  ppl 580.1  lr 2.47e-04
[layers_1] epoch 2 step 672/768 tokens 2.8M  val loss 6.3272  ppl 559.6  lr 1.39e-04
[layers_1] epoch 2 step 768/768 tokens 3.1M  val loss 6.3014  ppl 545.3  lr 1.00e-04
[layers_1] == epoch 2/2: avg train loss 6.2193 (ppl 502.4), val loss 6.3014 (ppl 545.3), 81s
[layers_1] done: full-val loss 6.2946, perplexity 541.62 on 524,288 tokens

############################################################################
### embd_64: {'n_embd': 64}
############################################################################
[embd_64] 3.32M params on cuda (float32); 2 epochs x 384 steps of 32x128 tokens
[embd_64] epoch 1 step 96/768 tokens 0.4M  val loss 7.5329  ppl 1,868.5  lr 9.87e-04
[embd_64] epoch 1 step 192/768 tokens 0.8M  val loss 7.1228  ppl 1,239.9  lr 9.06e-04
[embd_64] epoch 1 step 288/768 tokens 1.2M  val loss 6.8594  ppl 952.8  lr 7.65e-04
[embd_64] epoch 1 step 384/768 tokens 1.6M  val loss 6.7125  ppl 822.6  lr 5.89e-04
[embd_64] == epoch 1/2: avg train loss 7.5079 (ppl 1,822.4), val loss 6.7125 (ppl 822.6), 59s
[embd_64] epoch 2 step 480/768 tokens 2.0M  val loss 6.6391  ppl 764.4  lr 4.05e-04
[embd_64] epoch 2 step 576/768 tokens 2.4M  val loss 6.5933  ppl 730.2  lr 2.47e-04
[embd_64] epoch 2 step 672/768 tokens 2.8M  val loss 6.5662  ppl 710.7  lr 1.39e-04
[embd_64] epoch 2 step 768/768 tokens 3.1M  val loss 6.5462  ppl 696.6  lr 1.00e-04
[embd_64] == epoch 2/2: avg train loss 6.5002 (ppl 665.3), val loss 6.5462 (ppl 696.6), 59s
[embd_64] done: full-val loss 6.5408, perplexity 692.83 on 524,288 tokens

############################################################################
### embd_256: {'n_embd': 256}
############################################################################
[embd_256] 14.48M params on cuda (float32); 2 epochs x 384 steps of 32x128 tokens
[embd_256] epoch 1 step 96/768 tokens 0.4M  val loss 6.9387  ppl 1,031.4  lr 9.87e-04
[embd_256] epoch 1 step 192/768 tokens 0.8M  val loss 6.5198  ppl 678.4  lr 9.06e-04
[embd_256] epoch 1 step 288/768 tokens 1.2M  val loss 6.3248  ppl 558.3  lr 7.65e-04
[embd_256] epoch 1 step 384/768 tokens 1.6M  val loss 6.1969  ppl 491.2  lr 5.89e-04
[embd_256] == epoch 1/2: avg train loss 6.8059 (ppl 903.1), val loss 6.1969 (ppl 491.2), 164s
[embd_256] epoch 2 step 480/768 tokens 2.0M  val loss 6.1207  ppl 455.2  lr 4.05e-04
[embd_256] epoch 2 step 576/768 tokens 2.4M  val loss 6.0640  ppl 430.1  lr 2.47e-04
[embd_256] epoch 2 step 672/768 tokens 2.8M  val loss 6.0247  ppl 413.5  lr 1.39e-04
[embd_256] epoch 2 step 768/768 tokens 3.1M  val loss 5.9966  ppl 402.1  lr 1.00e-04
[embd_256] == epoch 2/2: avg train loss 5.8676 (ppl 353.4), val loss 5.9966 (ppl 402.1), 164s
[embd_256] done: full-val loss 5.9936, perplexity 400.84 on 524,288 tokens

############################################################################
### seq_32: {'seq_len': 32}
############################################################################
[seq_32] 6.83M params on cuda (float32); 2 epochs x 1,536 steps of 32x32 tokens
[seq_32] epoch 1 step 384/3,072 tokens 0.4M  val loss 6.7887  ppl 887.7  lr 9.86e-04
[seq_32] epoch 1 step 768/3,072 tokens 0.8M  val loss 6.5110  ppl 672.5  lr 9.05e-04
[seq_32] epoch 1 step 1,152/3,072 tokens 1.2M  val loss 6.3679  ppl 582.8  lr 7.64e-04
[seq_32] epoch 1 step 1,536/3,072 tokens 1.6M  val loss 6.2730  ppl 530.0  lr 5.87e-04
[seq_32] == epoch 1/2: avg train loss 6.7148 (ppl 824.5), val loss 6.2730 (ppl 530.0), 83s
[seq_32] epoch 2 step 1,920/3,072 tokens 2.0M  val loss 6.2252  ppl 505.3  lr 4.04e-04
[seq_32] epoch 2 step 2,304/3,072 tokens 2.4M  val loss 6.1766  ppl 481.4  lr 2.46e-04
[seq_32] epoch 2 step 2,688/3,072 tokens 2.8M  val loss 6.1392  ppl 463.7  lr 1.38e-04
[seq_32] epoch 2 step 3,072/3,072 tokens 3.1M  val loss 6.1189  ppl 454.4  lr 1.00e-04
[seq_32] == epoch 2/2: avg train loss 6.0184 (ppl 410.9), val loss 6.1189 (ppl 454.4), 83s
[seq_32] done: full-val loss 6.1086, perplexity 449.73 on 524,288 tokens

############################################################################
### seq_64: {'seq_len': 64}
############################################################################
[seq_64] 6.84M params on cuda (float32); 2 epochs x 768 steps of 32x64 tokens
[seq_64] epoch 1 step 192/1,536 tokens 0.4M  val loss 6.9090  ppl 1,001.3  lr 9.86e-04
[seq_64] epoch 1 step 384/1,536 tokens 0.8M  val loss 6.5733  ppl 715.8  lr 9.05e-04
[seq_64] epoch 1 step 576/1,536 tokens 1.2M  val loss 6.4142  ppl 610.5  lr 7.65e-04
[seq_64] epoch 1 step 768/1,536 tokens 1.6M  val loss 6.2935  ppl 541.1  lr 5.88e-04
[seq_64] == epoch 1/2: avg train loss 6.8460 (ppl 940.1), val loss 6.2935 (ppl 541.1), 85s
[seq_64] epoch 2 step 960/1,536 tokens 2.0M  val loss 6.2338  ppl 509.7  lr 4.05e-04
[seq_64] epoch 2 step 1,152/1,536 tokens 2.4M  val loss 6.1796  ppl 482.8  lr 2.46e-04
[seq_64] epoch 2 step 1,344/1,536 tokens 2.8M  val loss 6.1494  ppl 468.5  lr 1.38e-04
[seq_64] epoch 2 step 1,536/1,536 tokens 3.1M  val loss 6.1320  ppl 460.3  lr 1.00e-04
[seq_64] == epoch 2/2: avg train loss 6.0247 (ppl 413.5), val loss 6.1320 (ppl 460.3), 85s
[seq_64] done: full-val loss 6.1267, perplexity 457.94 on 524,288 tokens

============================================================================
run         factor              val loss   val ppl     tok/s
embd_256    embedding size        5.9936     400.8    14,972
seq_32      sequence length       6.1086     449.7    29,020
seq_64      sequence length       6.1267     457.9    27,592
batch_16    batch size            6.1764     481.2    47,743
baseline    baseline              6.2417     513.7    28,106
lr_3e-3     learning rate         6.2472     516.6    28,083
layers_1    layers                6.2946     541.6    39,604
batch_64    batch size            6.4525     634.3    24,168
lr_5e-4     learning rate         6.4834     654.2    28,099
embd_64     embedding size        6.5408     692.8    40,770

best: embd_256 -> mini_gpt_checkpoint.pt (57.9 MB)
